[2026-02-22 01:12:07,949: INFO: main: Testing out this custom log]
[2026-02-22 01:12:19,830: INFO: main: Testing out this custom log]
[2026-02-23 23:18:18,271: INFO: main: Testing out this custom log]
[2026-02-23 23:18:36,421: INFO: main: Testing out this custom log]
[2026-03-06 22:54:48,331: INFO: common: yaml file: config\config.yaml loaded successfully]
[2026-03-06 22:54:48,372: INFO: common: yaml file: params.yaml loaded successfully]
[2026-03-06 22:54:48,377: INFO: common: created directory at: artifacts]
[2026-03-06 23:55:23,093: INFO: common: yaml file: config\config.yaml loaded successfully]
[2026-03-06 23:55:23,097: INFO: common: yaml file: params.yaml loaded successfully]
[2026-03-06 23:55:23,100: INFO: common: created directory at: artifacts]
[2026-03-07 00:08:20,239: INFO: common: yaml file: config\config.yaml loaded successfully]
[2026-03-07 00:08:20,241: INFO: common: yaml file: params.yaml loaded successfully]
[2026-03-07 00:08:20,243: INFO: common: created directory at: artifacts]
[2026-03-07 00:08:23,092: INFO: common: yaml file: config\config.yaml loaded successfully]
[2026-03-07 00:08:23,094: INFO: common: yaml file: params.yaml loaded successfully]
[2026-03-07 00:08:23,096: INFO: common: created directory at: artifacts]
[2026-03-07 00:08:24,252: INFO: common: yaml file: config\config.yaml loaded successfully]
[2026-03-07 00:08:24,255: INFO: common: yaml file: params.yaml loaded successfully]
[2026-03-07 00:08:24,257: INFO: common: created directory at: artifacts]
[2026-03-07 00:09:12,428: INFO: common: yaml file: config\config.yaml loaded successfully]
[2026-03-07 00:09:12,432: INFO: common: yaml file: params.yaml loaded successfully]
[2026-03-07 00:09:12,435: INFO: common: created directory at: artifacts]
[2026-03-07 00:16:17,885: INFO: common: yaml file: config\config.yaml loaded successfully]
[2026-03-07 00:16:17,891: INFO: common: yaml file: params.yaml loaded successfully]
[2026-03-07 00:16:17,894: INFO: common: created directory at: artifacts]
[2026-03-07 00:19:21,102: INFO: common: yaml file: config\config.yaml loaded successfully]
[2026-03-07 00:19:21,105: INFO: common: yaml file: params.yaml loaded successfully]
[2026-03-07 00:19:21,108: INFO: common: created directory at: artifacts]
[2026-03-07 00:19:31,459: INFO: common: yaml file: config\config.yaml loaded successfully]
[2026-03-07 00:19:31,462: INFO: common: yaml file: params.yaml loaded successfully]
[2026-03-07 00:19:31,463: INFO: common: created directory at: artifacts]
[2026-03-07 00:47:22,481: INFO: common: yaml file: config\config.yaml loaded successfully]
[2026-03-07 00:47:22,484: INFO: common: yaml file: params.yaml loaded successfully]
[2026-03-07 00:47:22,490: INFO: common: created directory at: artifacts]
[2026-03-07 00:50:50,556: INFO: common: yaml file: config\config.yaml loaded successfully]
[2026-03-07 00:50:50,558: INFO: common: yaml file: params.yaml loaded successfully]
[2026-03-07 00:50:50,560: INFO: common: created directory at: artifacts]
[2026-03-07 00:50:53,883: INFO: common: yaml file: config\config.yaml loaded successfully]
[2026-03-07 00:50:53,885: INFO: common: yaml file: params.yaml loaded successfully]
[2026-03-07 00:50:53,887: INFO: common: created directory at: artifacts]
[2026-03-07 00:51:09,718: INFO: common: yaml file: config\config.yaml loaded successfully]
[2026-03-07 00:51:09,722: INFO: common: yaml file: params.yaml loaded successfully]
[2026-03-07 00:51:09,724: INFO: common: created directory at: artifacts]
[2026-03-07 00:51:52,927: INFO: common: yaml file: config\config.yaml loaded successfully]
[2026-03-07 00:51:52,931: INFO: common: yaml file: params.yaml loaded successfully]
[2026-03-07 00:51:52,933: INFO: common: created directory at: artifacts]
[2026-03-07 00:51:52,936: INFO: common: created directory at: artifacts/data_ingestion]
[2026-03-07 00:55:36,119: INFO: common: yaml file: config\config.yaml loaded successfully]
[2026-03-07 00:55:36,123: INFO: common: yaml file: params.yaml loaded successfully]
[2026-03-07 00:55:36,125: INFO: common: created directory at: artifacts]
[2026-03-07 00:55:36,127: INFO: common: created directory at: artifacts/data_ingestion]
[2026-03-07 00:57:42,740: INFO: common: yaml file: config\config.yaml loaded successfully]
[2026-03-07 00:57:42,744: INFO: common: yaml file: params.yaml loaded successfully]
[2026-03-07 00:57:42,746: INFO: common: created directory at: artifacts]
[2026-03-07 00:57:42,747: INFO: common: created directory at: artifacts/data_ingestion]
[2026-03-07 01:00:02,707: INFO: common: yaml file: config\config.yaml loaded successfully]
[2026-03-07 01:00:02,709: INFO: common: yaml file: params.yaml loaded successfully]
[2026-03-07 01:00:02,712: INFO: common: created directory at: artifacts]
[2026-03-07 01:00:02,713: INFO: common: created directory at: artifacts/data_ingestion]
[2026-03-07 01:00:02,715: INFO: 1826220334: Downloading data from https://drive.google.com/file/d/1TuNYhoDmnEpdAIjRJelYoPs4lSYtnAsr/view?usp=sharing into file artifacts/data_ingestion/data.zip]
[2026-03-07 01:01:55,592: INFO: 1826220334: Download data from https://drive.google.com/file/d/1TuNYhoDmnEpdAIjRJelYoPs4lSYtnAsr/view?usp=sharing into file artifacts/data_ingestion/data.zip]
[2026-03-12 01:21:49,875: INFO: main: Testing out this custom log]
[2026-03-12 01:27:11,454: INFO: main: Testing out this custom log]
[2026-03-12 01:27:48,840: INFO: main: Testing out this custom log]
[2026-03-12 01:29:24,319: INFO: main: Testing out this custom log]
[2026-03-12 01:34:04,706: INFO: stage_01_data_ingestion: >>>>> stage Data Ingestion State started <<<<<]
[2026-03-12 01:34:04,709: INFO: common: yaml file: config\config.yaml loaded successfully]
[2026-03-12 01:34:04,713: INFO: common: yaml file: params.yaml loaded successfully]
[2026-03-12 01:34:04,714: INFO: common: created directory at: artifacts]
[2026-03-12 01:34:04,715: INFO: common: created directory at: artifacts/data_ingestion]
[2026-03-12 01:34:04,716: INFO: data_ingestion: Downloading data from https://drive.google.com/file/d/1TuNYhoDmnEpdAIjRJelYoPs4lSYtnAsr/view?usp=sharing into file artifacts/data_ingestion/data.zip]
[2026-03-12 01:35:52,324: INFO: data_ingestion: Download data from https://drive.google.com/file/d/1TuNYhoDmnEpdAIjRJelYoPs4lSYtnAsr/view?usp=sharing into file artifacts/data_ingestion/data.zip]
[2026-03-12 01:36:42,223: INFO: stage_01_data_ingestion: >>>>> stage Data Ingestion State completed <<<<<

x==========x]
[2026-03-12 01:36:50,745: INFO: stage_01_data_ingestion: >>>>> stage Data Ingestion State started <<<<<]
[2026-03-12 01:36:50,748: INFO: common: yaml file: config\config.yaml loaded successfully]
[2026-03-12 01:36:50,749: INFO: common: yaml file: params.yaml loaded successfully]
[2026-03-12 01:36:50,754: INFO: common: created directory at: artifacts]
[2026-03-12 01:36:50,755: INFO: common: created directory at: artifacts/data_ingestion]
[2026-03-12 01:36:50,757: INFO: data_ingestion: Downloading data from https://drive.google.com/file/d/1TuNYhoDmnEpdAIjRJelYoPs4lSYtnAsr/view?usp=sharing into file artifacts/data_ingestion/data.zip]
[2026-03-12 01:38:39,553: INFO: data_ingestion: Download data from https://drive.google.com/file/d/1TuNYhoDmnEpdAIjRJelYoPs4lSYtnAsr/view?usp=sharing into file artifacts/data_ingestion/data.zip]
[2026-03-12 01:39:14,476: INFO: stage_01_data_ingestion: >>>>> stage Data Ingestion State completed <<<<<

x==========x]
[2026-03-19 02:02:12,398: INFO: main: >>>>> stage Data Ingestion Stage started <<<<<]
[2026-03-19 02:02:12,404: INFO: common: yaml file: config\config.yaml loaded successfully]
[2026-03-19 02:02:12,410: INFO: common: yaml file: params.yaml loaded successfully]
[2026-03-19 02:02:12,411: INFO: common: created directory at: artifacts]
[2026-03-19 02:02:12,412: INFO: common: created directory at: artifacts/data_ingestion]
[2026-03-19 02:02:12,416: INFO: data_ingestion: Downloading data from https://drive.google.com/file/d/1TuNYhoDmnEpdAIjRJelYoPs4lSYtnAsr/view?usp=sharing into file artifacts/data_ingestion/data.zip]
[2026-03-19 02:04:45,478: INFO: data_ingestion: Download data from https://drive.google.com/file/d/1TuNYhoDmnEpdAIjRJelYoPs4lSYtnAsr/view?usp=sharing into file artifacts/data_ingestion/data.zip]
[2026-03-19 02:05:47,988: INFO: main: >>>>> stage Data Ingestion Stage completed <<<<<

x==========x]
[2026-03-21 23:37:47,920: INFO: main: >>>>> stage Data Ingestion Stage started <<<<<]
[2026-03-21 23:37:47,937: INFO: common: yaml file: config\config.yaml loaded successfully]
[2026-03-21 23:37:47,958: INFO: common: yaml file: params.yaml loaded successfully]
[2026-03-21 23:37:47,960: INFO: common: created directory at: artifacts]
[2026-03-21 23:37:47,971: INFO: common: created directory at: artifacts/data_ingestion]
[2026-03-21 23:37:47,982: INFO: data_ingestion: Downloading data from https://drive.google.com/file/d/1TuNYhoDmnEpdAIjRJelYoPs4lSYtnAsr/view?usp=sharing into file artifacts/data_ingestion/data.zip]
[2026-03-21 23:39:42,644: INFO: data_ingestion: Download data from https://drive.google.com/file/d/1TuNYhoDmnEpdAIjRJelYoPs4lSYtnAsr/view?usp=sharing into file artifacts/data_ingestion/data.zip]
[2026-03-21 23:40:40,268: INFO: main: >>>>> stage Data Ingestion Stage completed <<<<<

x==========x]
[2026-04-01 02:29:31,595: INFO: main: >>>>> stage Data Ingestion Stage started <<<<<]
[2026-04-01 02:29:31,618: INFO: common: yaml file: config\config.yaml loaded successfully]
[2026-04-01 02:29:31,640: INFO: common: yaml file: params.yaml loaded successfully]
[2026-04-01 02:29:31,645: INFO: common: created directory at: artifacts]
[2026-04-01 02:29:31,648: INFO: common: created directory at: artifacts/data_ingestion]
[2026-04-01 02:29:31,649: INFO: data_ingestion: Downloading data from https://drive.google.com/file/d/1TuNYhoDmnEpdAIjRJelYoPs4lSYtnAsr/view?usp=sharing into file artifacts/data_ingestion/data.zip]
[2026-04-01 02:32:49,800: INFO: data_ingestion: Download data from https://drive.google.com/file/d/1TuNYhoDmnEpdAIjRJelYoPs4lSYtnAsr/view?usp=sharing into file artifacts/data_ingestion/data.zip]
[2026-04-01 02:33:28,746: INFO: main: >>>>> stage Data Ingestion Stage completed <<<<<

x==========x]
[2026-04-04 00:03:45,839: INFO: stage_02_prepare_base_model: ********************]
[2026-04-04 00:03:45,858: INFO: stage_02_prepare_base_model: >>>>> stage Prepare Base Model started <<<<<]
[2026-04-04 00:03:45,864: INFO: common: yaml file: config\config.yaml loaded successfully]
[2026-04-04 00:03:45,876: INFO: common: yaml file: params.yaml loaded successfully]
[2026-04-04 00:03:45,877: INFO: common: created directory at: artifacts]
[2026-04-04 00:03:45,877: INFO: common: created directory at: artifacts/prepare_base_model]
[2026-04-04 00:03:46,818: WARNING: saving_api: You are saving your model as an HDF5 file via `model.save()` or `keras.saving.save_model(model)`. This file format is considered legacy. We recommend using instead the native Keras format, e.g. `model.save('my_model.keras')` or `keras.saving.save_model(model, 'my_model.keras')`. ]
[2026-04-04 00:03:47,110: WARNING: saving_api: You are saving your model as an HDF5 file via `model.save()` or `keras.saving.save_model(model)`. This file format is considered legacy. We recommend using instead the native Keras format, e.g. `model.save('my_model.keras')` or `keras.saving.save_model(model, 'my_model.keras')`. ]
[2026-04-04 00:03:47,344: INFO: stage_02_prepare_base_model: >>>>> stage Prepare Base Model completed <<<<<

x==========x]
[2026-04-04 00:06:41,750: INFO: stage_02_prepare_base_model: ********************]
[2026-04-04 00:06:41,756: INFO: stage_02_prepare_base_model: >>>>> stage Prepare Base Model started <<<<<]
[2026-04-04 00:06:41,760: INFO: common: yaml file: config\config.yaml loaded successfully]
[2026-04-04 00:06:41,764: INFO: common: yaml file: params.yaml loaded successfully]
[2026-04-04 00:06:41,766: INFO: common: created directory at: artifacts]
[2026-04-04 00:06:41,767: INFO: common: created directory at: artifacts/prepare_base_model]
[2026-04-04 00:06:42,646: WARNING: saving_api: You are saving your model as an HDF5 file via `model.save()` or `keras.saving.save_model(model)`. This file format is considered legacy. We recommend using instead the native Keras format, e.g. `model.save('my_model.keras')` or `keras.saving.save_model(model, 'my_model.keras')`. ]
[2026-04-04 00:06:43,075: WARNING: saving_api: You are saving your model as an HDF5 file via `model.save()` or `keras.saving.save_model(model)`. This file format is considered legacy. We recommend using instead the native Keras format, e.g. `model.save('my_model.keras')` or `keras.saving.save_model(model, 'my_model.keras')`. ]
[2026-04-04 00:06:43,249: INFO: stage_02_prepare_base_model: >>>>> stage Prepare Base Model completed <<<<<

x==========x]
[2026-04-04 00:06:49,735: INFO: stage_01_data_ingestion: >>>>> stage Data Ingestion State started <<<<<]
[2026-04-04 00:06:49,739: INFO: common: yaml file: config\config.yaml loaded successfully]
[2026-04-04 00:06:49,742: INFO: common: yaml file: params.yaml loaded successfully]
[2026-04-04 00:06:49,743: INFO: common: created directory at: artifacts]
[2026-04-04 00:06:49,743: INFO: common: created directory at: artifacts/data_ingestion]
[2026-04-04 00:06:49,744: INFO: data_ingestion: Downloading data from https://drive.google.com/file/d/1TuNYhoDmnEpdAIjRJelYoPs4lSYtnAsr/view?usp=sharing into file artifacts/data_ingestion/data.zip]
[2026-04-04 00:08:19,423: INFO: data_ingestion: Download data from https://drive.google.com/file/d/1TuNYhoDmnEpdAIjRJelYoPs4lSYtnAsr/view?usp=sharing into file artifacts/data_ingestion/data.zip]
[2026-04-04 00:08:59,316: INFO: stage_01_data_ingestion: >>>>> stage Data Ingestion State completed <<<<<

x==========x]
[2026-04-04 00:13:24,551: INFO: main: >>>>> stage Data Ingestion Stage started <<<<<]
[2026-04-04 00:13:24,555: INFO: common: yaml file: config\config.yaml loaded successfully]
[2026-04-04 00:13:24,557: INFO: common: yaml file: params.yaml loaded successfully]
[2026-04-04 00:13:24,558: INFO: common: created directory at: artifacts]
[2026-04-04 00:13:24,559: INFO: common: created directory at: artifacts/data_ingestion]
[2026-04-04 00:13:24,560: INFO: data_ingestion: Downloading data from https://drive.google.com/file/d/1TuNYhoDmnEpdAIjRJelYoPs4lSYtnAsr/view?usp=sharing into file artifacts/data_ingestion/data.zip]
[2026-04-04 00:15:02,637: INFO: data_ingestion: Download data from https://drive.google.com/file/d/1TuNYhoDmnEpdAIjRJelYoPs4lSYtnAsr/view?usp=sharing into file artifacts/data_ingestion/data.zip]
[2026-04-04 00:15:47,586: INFO: main: >>>>> stage Data Ingestion Stage completed <<<<<

x==========x]
[2026-04-04 00:15:47,587: INFO: main: *******************]
[2026-04-04 00:15:47,587: INFO: main: >>>>> stage Prepare Base Model started <<<<<]
[2026-04-04 00:15:47,589: INFO: common: yaml file: config\config.yaml loaded successfully]
[2026-04-04 00:15:47,592: INFO: common: yaml file: params.yaml loaded successfully]
[2026-04-04 00:15:47,593: INFO: common: created directory at: artifacts]
[2026-04-04 00:15:47,594: INFO: common: created directory at: artifacts/prepare_base_model]
[2026-04-04 00:15:49,156: WARNING: saving_api: You are saving your model as an HDF5 file via `model.save()` or `keras.saving.save_model(model)`. This file format is considered legacy. We recommend using instead the native Keras format, e.g. `model.save('my_model.keras')` or `keras.saving.save_model(model, 'my_model.keras')`. ]
[2026-04-04 00:15:49,447: WARNING: saving_api: You are saving your model as an HDF5 file via `model.save()` or `keras.saving.save_model(model)`. This file format is considered legacy. We recommend using instead the native Keras format, e.g. `model.save('my_model.keras')` or `keras.saving.save_model(model, 'my_model.keras')`. ]
[2026-04-04 00:15:49,734: INFO: main: >>>>> stage Prepare Base Model completed <<<<<

x==========x]
[2026-04-04 00:18:30,552: INFO: main: >>>>> stage Data Ingestion Stage started <<<<<]
[2026-04-04 00:18:30,555: INFO: common: yaml file: config\config.yaml loaded successfully]
[2026-04-04 00:18:30,558: INFO: common: yaml file: params.yaml loaded successfully]
[2026-04-04 00:18:30,560: INFO: common: created directory at: artifacts]
[2026-04-04 00:18:30,564: INFO: common: created directory at: artifacts/data_ingestion]
[2026-04-04 00:18:30,568: INFO: data_ingestion: Downloading data from https://drive.google.com/file/d/1TuNYhoDmnEpdAIjRJelYoPs4lSYtnAsr/view?usp=sharing into file artifacts/data_ingestion/data.zip]
[2026-04-04 00:20:08,965: INFO: data_ingestion: Download data from https://drive.google.com/file/d/1TuNYhoDmnEpdAIjRJelYoPs4lSYtnAsr/view?usp=sharing into file artifacts/data_ingestion/data.zip]
[2026-04-04 00:20:46,640: INFO: main: >>>>> stage Data Ingestion Stage completed <<<<<

x==========x]
[2026-04-04 00:20:46,641: INFO: main: *******************]
[2026-04-04 00:20:46,641: INFO: main: >>>>> stage Prepare Base Model started <<<<<]
[2026-04-04 00:20:46,645: INFO: common: yaml file: config\config.yaml loaded successfully]
[2026-04-04 00:20:46,650: INFO: common: yaml file: params.yaml loaded successfully]
[2026-04-04 00:20:46,651: INFO: common: created directory at: artifacts]
[2026-04-04 00:20:46,652: INFO: common: created directory at: artifacts/prepare_base_model]
[2026-04-04 00:20:48,223: WARNING: saving_api: You are saving your model as an HDF5 file via `model.save()` or `keras.saving.save_model(model)`. This file format is considered legacy. We recommend using instead the native Keras format, e.g. `model.save('my_model.keras')` or `keras.saving.save_model(model, 'my_model.keras')`. ]
[2026-04-04 00:20:48,640: WARNING: saving_api: You are saving your model as an HDF5 file via `model.save()` or `keras.saving.save_model(model)`. This file format is considered legacy. We recommend using instead the native Keras format, e.g. `model.save('my_model.keras')` or `keras.saving.save_model(model, 'my_model.keras')`. ]
[2026-04-04 00:20:48,871: INFO: main: >>>>> stage Prepare Base Model completed <<<<<

x==========x]
[2026-04-04 00:48:10,941: INFO: main: >>>>> stage Data Ingestion Stage started <<<<<]
[2026-04-04 00:48:10,945: INFO: common: yaml file: config\config.yaml loaded successfully]
[2026-04-04 00:48:10,949: INFO: common: yaml file: params.yaml loaded successfully]
[2026-04-04 00:48:10,950: INFO: common: created directory at: artifacts]
[2026-04-04 00:48:10,951: INFO: common: created directory at: artifacts/data_ingestion]
[2026-04-04 00:48:10,951: INFO: data_ingestion: Downloading data from https://drive.google.com/file/d/1TuNYhoDmnEpdAIjRJelYoPs4lSYtnAsr/view?usp=sharing into file artifacts/data_ingestion/data.zip]
[2026-04-04 00:49:26,902: INFO: data_ingestion: Download data from https://drive.google.com/file/d/1TuNYhoDmnEpdAIjRJelYoPs4lSYtnAsr/view?usp=sharing into file artifacts/data_ingestion/data.zip]
[2026-04-04 00:50:09,956: INFO: main: >>>>> stage Data Ingestion Stage completed <<<<<

x==========x]
[2026-04-04 00:50:09,957: INFO: main: *******************]
[2026-04-04 00:50:09,957: INFO: main: >>>>> stage Prepare Base Model started <<<<<]
[2026-04-04 00:50:09,961: INFO: common: yaml file: config\config.yaml loaded successfully]
[2026-04-04 00:50:09,964: INFO: common: yaml file: params.yaml loaded successfully]
[2026-04-04 00:50:09,966: INFO: common: created directory at: artifacts]
[2026-04-04 00:50:09,967: INFO: common: created directory at: artifacts/prepare_base_model]
[2026-04-04 00:50:11,668: WARNING: saving_api: You are saving your model as an HDF5 file via `model.save()` or `keras.saving.save_model(model)`. This file format is considered legacy. We recommend using instead the native Keras format, e.g. `model.save('my_model.keras')` or `keras.saving.save_model(model, 'my_model.keras')`. ]
[2026-04-04 00:50:12,112: WARNING: saving_api: You are saving your model as an HDF5 file via `model.save()` or `keras.saving.save_model(model)`. This file format is considered legacy. We recommend using instead the native Keras format, e.g. `model.save('my_model.keras')` or `keras.saving.save_model(model, 'my_model.keras')`. ]
[2026-04-04 00:50:12,369: INFO: main: >>>>> stage Prepare Base Model completed <<<<<

x==========x]
